// Jest Snapshot v1, https://goo.gl/fbAQLP

exports[`<App /> component render App correctly 1`] = `[Function]`;
